// Jest Snapshot v1, https://goo.gl/fbAQLP

exports[`Exchange transactions should return  filters empty filters should give last 100 txs 1`] = `
anonymous {
  "o1_amount": "1693.80213373",
  "o1_expiration": 2018-05-22T10:12:07.946Z,
  "o1_id": "2z5qc2kGPv7PAPt47PBEA3ayPAHBDjXAgJBm8Bpt322F",
  "o1_matcher_fee": "0.003",
  "o1_price": "0.00065851",
  "o1_sender": "3PGaVDYAZ4FvDxTQuCi26BHam8dZJPQS9he",
  "o1_sender_public_key": "4RDy1FNMCUAdFwiQPx3aBV61dk85VzJSdeMb4KyqX9F7",
  "o1_signature": "5eWrLyUWa8JEUgcmPiSf3Cn9KpyCzCDgPVCBEQcNTHRHSbMp2zCwyaqY6v3hyFAPZ4XBHrJgbBzr4iHspWTBtvJV",
  "o1_time_stamp": 2018-05-22T10:07:07.946Z,
  "o1_type": "buy",
  "o2_amount": "1693.80213373",
  "o2_expiration": 2018-05-22T10:12:07.920Z,
  "o2_id": "C4mxRojyu9RCkAKAUQj5Fqu4nsFpZ8nhQ16cGroBD9DQ",
  "o2_matcher_fee": "0.003",
  "o2_price": "0.00065851",
  "o2_sender": "3PPwEYK1HfTYnFf3jm4aY3zbreaNLUy7YCP",
  "o2_sender_public_key": "Dv7HSZNPRR7RoMfjVrxrgAj59yWxmASdcSDp2Furq2P7",
  "o2_signature": "41FdC2D3WxkNscqeX8pHxv8bq2H5gVfaQqbAZiExBX7MssR6KsxkBVuSNbRywCDak6KUbmGfvUadWcPLCU6o3PuK",
  "o2_time_stamp": 2018-05-22T10:07:07.920Z,
  "o2_type": "sell",
  "tx_amount": "1693.80213373",
  "tx_amount_asset": "LOCAL",
  "tx_buy_matcher_fee": "0.003",
  "tx_fee": "0.003",
  "tx_height": 1010553,
  "tx_id": "4WtUXBF6i41ohva66KTaxJsJzooc8mo12hGV6cPbVDek",
  "tx_price": "0.00065851",
  "tx_price_asset": "8LQW8f7P5d5PZM7GtZEBgaqRPGSzS3DfPuiXrURJ4AJS",
  "tx_sell_matcher_fee": "0.003",
  "tx_sender": "3PJaDyprvekvPXPuAtxrapacuDJopgJRaU3",
  "tx_sender_public_key": "7kPFrHDiGw1rCm7LPszuECwWYL3dMf6iMifLRDJQZMzy",
  "tx_signature": "5LuazdUm5LA94xxyaa1aj7sud3J1gHNPMcorDfN1vhZByAsyVuLFXgma4ibWKQ8mkFmpDPwxtE5Bh3xyzKfE7VtJ",
  "tx_time_stamp": 2018-05-22T10:07:07.948Z,
}
`;
